2026-08-12 08:03:05.945: [INFO] CurrentProfilePath: D:\Gama\.metadata\.plugins\org.eclipse.swt\EBWebView\Default
2026-08-12 08:03:05.945: [INFO] Profiles total count: 1
2026-08-12 08:03:05.945: [INFO] Profile: name=Profile 1 path=D:\Gama\.metadata\.plugins\org.eclipse.swt\EBWebView\Default lastActive=null
2026-08-12 08:03:05.945: [INFO] LastUsedProfileDir: D:\Gama\.metadata\.plugins\org.eclipse.swt\EBWebView\Default
2026-08-12 08:03:05.945: [INFO] OnDoneLoading sync enabled: 0
2026-08-12 08:03:05.945: [INFO] BookmarkModelLoaded, ids_reassigned: 0
2026-08-12 08:03:05.945: [INFO] BookmarksLoadDropped droppedNodes=0
2026-08-12 08:03:05.945: [INFO] BookmarksSnapshot Startup total=0 bar=0 other=0 mobile=0 showBar=0 showBarNTP=1
2026-08-12 08:17:05.488: [INFO] BookmarksSnapshot Shutdown total=0 bar=0 other=0 mobile=0 showBar=0 showBarNTP=1
2026-09-01 03:08:13.832: [INFO] CurrentProfilePath: D:\Gama\.metadata\.plugins\org.eclipse.swt\EBWebView\Default
2026-09-01 03:08:13.832: [INFO] Profiles total count: 1
2026-09-01 03:08:13.832: [INFO] Profile: name=Profile 1 path=D:\Gama\.metadata\.plugins\org.eclipse.swt\EBWebView\Default lastActive=null
2026-09-01 03:08:13.832: [INFO] LastUsedProfileDir: D:\Gama\.metadata\.plugins\org.eclipse.swt\EBWebView\Default
2026-09-01 03:08:13.832: [INFO] OnDoneLoading sync enabled: 0
2026-09-01 03:08:13.832: [INFO] BookmarkModelLoaded, ids_reassigned: 0
2026-09-01 03:08:13.832: [INFO] BookmarksLoadDropped droppedNodes=0
2026-09-01 03:08:13.832: [INFO] BookmarksSnapshot Startup total=0 bar=0 other=0 mobile=0 showBar=0 showBarNTP=1
2026-09-01 04:54:20.196: [INFO] BookmarksSnapshot Shutdown total=0 bar=0 other=0 mobile=0 showBar=0 showBarNTP=1
2026-09-05 03:19:31.577: [INFO] CurrentProfilePath: D:\Gama\.metadata\.plugins\org.eclipse.swt\EBWebView\Default
2026-09-05 03:19:31.577: [INFO] Profiles total count: 1
2026-09-05 03:19:31.577: [INFO] Profile: name=Profile 1 path=D:\Gama\.metadata\.plugins\org.eclipse.swt\EBWebView\Default lastActive=null
2026-09-05 03:19:31.577: [INFO] LastUsedProfileDir: D:\Gama\.metadata\.plugins\org.eclipse.swt\EBWebView\Default
2026-09-05 03:19:31.577: [INFO] OnDoneLoading sync enabled: 0
2026-09-05 03:19:31.577: [INFO] BookmarkModelLoaded, ids_reassigned: 0
2026-09-05 03:19:31.577: [INFO] BookmarksLoadDropped droppedNodes=0
2026-09-05 03:19:31.577: [INFO] BookmarksSnapshot Startup total=0 bar=0 other=0 mobile=0 showBar=0 showBarNTP=1
2026-09-05 07:38:59.573: [INFO] BookmarksSnapshot Shutdown total=0 bar=0 other=0 mobile=0 showBar=0 showBarNTP=1
2026-09-07 03:04:11.268: [INFO] CurrentProfilePath: D:\Gama\.metadata\.plugins\org.eclipse.swt\EBWebView\Default
2026-09-07 03:04:11.268: [INFO] Profiles total count: 1
2026-09-07 03:04:11.268: [INFO] Profile: name=Profile 1 path=D:\Gama\.metadata\.plugins\org.eclipse.swt\EBWebView\Default lastActive=2026-09-05T05:09:07.306Z
2026-09-07 03:04:11.268: [INFO] LastUsedProfileDir: D:\Gama\.metadata\.plugins\org.eclipse.swt\EBWebView\Default
2026-09-07 03:04:11.268: [INFO] MostRecentlyActiveProfile: name=Profile 1 path=D:\Gama\.metadata\.plugins\org.eclipse.swt\EBWebView\Default lastActive=2026-09-05T05:09:07.306Z
2026-09-07 03:04:11.268: [INFO] OnDoneLoading sync enabled: 0
2026-09-07 03:04:11.268: [INFO] BookmarkModelLoaded, ids_reassigned: 0
2026-09-07 03:04:11.268: [INFO] BookmarksLoadDropped droppedNodes=0
2026-09-07 03:04:11.268: [INFO] BookmarksSnapshot Startup total=0 bar=0 other=0 mobile=0 showBar=0 showBarNTP=1
2026-09-14 16:08:24.433: [INFO] CurrentProfilePath: D:\Gama\.metadata\.plugins\org.eclipse.swt\EBWebView\Default
2026-09-14 16:08:24.433: [INFO] Profiles total count: 1
2026-09-14 16:08:24.433: [INFO] Profile: name=Profile 1 path=D:\Gama\.metadata\.plugins\org.eclipse.swt\EBWebView\Default lastActive=2026-09-05T05:09:07.306Z
2026-09-14 16:08:24.433: [INFO] LastUsedProfileDir: D:\Gama\.metadata\.plugins\org.eclipse.swt\EBWebView\Default
2026-09-14 16:08:24.433: [INFO] MostRecentlyActiveProfile: name=Profile 1 path=D:\Gama\.metadata\.plugins\org.eclipse.swt\EBWebView\Default lastActive=2026-09-05T05:09:07.306Z
2026-09-14 16:08:24.433: [INFO] OnDoneLoading sync enabled: 0
2026-09-14 16:08:24.433: [INFO] BookmarkModelLoaded, ids_reassigned: 0
2026-09-14 16:08:24.433: [INFO] BookmarksLoadDropped droppedNodes=0
2026-09-14 16:08:24.433: [INFO] BookmarksSnapshot Startup total=0 bar=0 other=0 mobile=0 showBar=0 showBarNTP=1
2026-09-14 17:00:20.018: [INFO] BookmarksSnapshot Shutdown total=0 bar=0 other=0 mobile=0 showBar=0 showBarNTP=1
2026-09-19 03:56:57.186: [INFO] CurrentProfilePath: D:\Gama\.metadata\.plugins\org.eclipse.swt\EBWebView\Default
2026-09-19 03:56:57.186: [INFO] Profiles total count: 1
2026-09-19 03:56:57.186: [INFO] Profile: name=Profile 1 path=D:\Gama\.metadata\.plugins\org.eclipse.swt\EBWebView\Default lastActive=2026-09-05T05:09:07.306Z
2026-09-19 03:56:57.186: [INFO] LastUsedProfileDir: D:\Gama\.metadata\.plugins\org.eclipse.swt\EBWebView\Default
2026-09-19 03:56:57.186: [INFO] MostRecentlyActiveProfile: name=Profile 1 path=D:\Gama\.metadata\.plugins\org.eclipse.swt\EBWebView\Default lastActive=2026-09-05T05:09:07.306Z
2026-09-19 03:56:57.186: [INFO] OnDoneLoading sync enabled: 0
2026-09-19 03:56:57.186: [INFO] BookmarkModelLoaded, ids_reassigned: 0
2026-09-19 03:56:57.186: [INFO] BookmarksLoadDropped droppedNodes=0
2026-09-19 03:56:57.186: [INFO] BookmarksSnapshot Startup total=0 bar=0 other=0 mobile=0 showBar=0 showBarNTP=1
2026-09-19 07:35:55.119: [INFO] BookmarksSnapshot Shutdown total=0 bar=0 other=0 mobile=0 showBar=0 showBarNTP=1
